Script started on Tue 17 Jan 2017 07:52:51 AM UTC
[01;32mwvlada[00m:[01;34m~/workspace[00m (master) $ exit[Kls
Gemfile       README.md    Rakefile  [0m[01;34mapp[0m/  [01;34mconfig[0m/    [01;34mdb[0m/        [01;34mhowtest[0m/  [01;34mlog[0m/      [01;34mpublic[0m/     [01;34mtest[0m/  typescript
Gemfile.lock  README.rdoc  a.out     [01;34mbin[0m/  config.ru  [01;34mhowitzer[0m/  [01;34mlib[0m/      proba.rb  script1.sh  [01;34mtmp[0m/   [01;34mvendor[0m/
[01;32mwvlada[00m:[01;34m~/workspace[00m (master) $ scr
screendump    script        scriptreplay  
[01;32mwvlada[00m:[01;34m~/workspace[00m (master) $ script.sh
bash: script.sh: command not found
[01;32mwvlada[00m:[01;34m~/workspace[00m (master) $ script.sh[C1.sh
bash: script1.sh: command not found
[01;32mwvlada[00m:[01;34m~/workspace[00m (master) $ chmod u+x script1.sh
[01;32mwvlada[00m:[01;34m~/workspace[00m (master) $ chmod u+x script1.sh[10Pscript1.sh
bash: script1.sh: command not found
[01;32mwvlada[00m:[01;34m~/workspace[00m (master) $ script1.sh
bash: script1.sh: command not found
[01;32mwvlada[00m:[01;34m~/workspace[00m (master) $ ls
Gemfile       README.md    Rakefile  [0m[01;34mapp[0m/  [01;34mconfig[0m/    [01;34mdb[0m/        [01;34mhowtest[0m/  [01;34mlog[0m/      [01;34mpublic[0m/      [01;34mtest[0m/  typescript
Gemfile.lock  README.rdoc  a.out     [01;34mbin[0m/  config.ru  [01;34mhowitzer[0m/  [01;34mlib[0m/      proba.rb  [01;32mscript1.sh[0m*  [01;34mtmp[0m/   [01;34mvendor[0m/
[01;32mwvlada[00m:[01;34m~/workspace[00m (master) $ ls -l script1.sh
-rwxr--r-- 1 ubuntu ubuntu 29 Jan 17 07:52 [0m[01;32mscript1.sh[0m*
[01;32mwvlada[00m:[01;34m~/workspace[00m (master) $ ls -l script1.sh[K[K[K[K[K[K[K[K[K[K[K[K[K
Gemfile       README.md    Rakefile  [0m[01;34mapp[0m/  [01;34mconfig[0m/    [01;34mdb[0m/        [01;34mhowtest[0m/  [01;34mlog[0m/      [01;34mpublic[0m/      [01;34mtest[0m/  typescript
Gemfile.lock  README.rdoc  a.out     [01;34mbin[0m/  config.ru  [01;34mhowitzer[0m/  [01;34mlib[0m/      proba.rb  [01;32mscript1.sh[0m*  [01;34mtmp[0m/   [01;34mvendor[0m/
[01;32mwvlada[00m:[01;34m~/workspace[00m (master) $ sh script1.sh
 * Starting PostgreSQL 9.3 database server
   ...done.
[01;32mwvlada[00m:[01;34m~/workspace[00m (master) $ rails c
Running via Spring preloader in process 3838
Loading development environment (Rails 4.2.5)
2.3.0 :001 > Users
NameError: uninitialized constant Users
	from (irb):1
	from /usr/local/rvm/gems/ruby-2.3.0/gems/railties-4.2.5/lib/rails/commands/console.rb:110:in `start'
	from /usr/local/rvm/gems/ruby-2.3.0/gems/railties-4.2.5/lib/rails/commands/console.rb:9:in `start'
	from /usr/local/rvm/gems/ruby-2.3.0/gems/railties-4.2.5/lib/rails/commands/commands_tasks.rb:68:in `console'
	from /usr/local/rvm/gems/ruby-2.3.0/gems/railties-4.2.5/lib/rails/commands/commands_tasks.rb:39:in `run_command!'
	from /usr/local/rvm/gems/ruby-2.3.0/gems/railties-4.2.5/lib/rails/commands.rb:17:in `<top (required)>'
	from /home/ubuntu/workspace/bin/rails:9:in `<top (required)>'
	from /usr/local/rvm/rubies/ruby-2.3.0/lib/ruby/2.3.0/rubygems/core_ext/kernel_require.rb:55:in `require'
	from /usr/local/rvm/rubies/ruby-2.3.0/lib/ruby/2.3.0/rubygems/core_ext/kernel_require.rb:55:in `require'
	from -e:1:in `<main>'
2.3.0 :002 > Users[K.all
  [1m[36mUser Load (0.4ms)[0m  [1mSELECT "users".* FROM "users"[0m
 => #<ActiveRecord::Relation []> 
2.3.0 :003 > User.all[K[K[K[K[K[Ker.first.adnmi[K[K[Kmin
  [1m[35mUser Load (0.5ms)[0m  SELECT  "users".* FROM "users"  ORDER BY "users"."id" ASC LIMIT 1
NoMethodError: undefined method `admin' for nil:NilClass
	from (irb):3
	from /usr/local/rvm/gems/ruby-2.3.0/gems/railties-4.2.5/lib/rails/commands/console.rb:110:in `start'
	from /usr/local/rvm/gems/ruby-2.3.0/gems/railties-4.2.5/lib/rails/commands/console.rb:9:in `start'
	from /usr/local/rvm/gems/ruby-2.3.0/gems/railties-4.2.5/lib/rails/commands/commands_tasks.rb:68:in `console'
	from /usr/local/rvm/gems/ruby-2.3.0/gems/railties-4.2.5/lib/rails/commands/commands_tasks.rb:39:in `run_command!'
	from /usr/local/rvm/gems/ruby-2.3.0/gems/railties-4.2.5/lib/rails/commands.rb:17:in `<top (required)>'
	from /usr/local/rvm/gems/ruby-2.3.0/gems/activesupport-4.2.5/lib/active_support/dependencies.rb:274:in `require'
	from /usr/local/rvm/gems/ruby-2.3.0/gems/activesupport-4.2.5/lib/active_support/dependencies.rb:274:in `block in require'
	from /usr/local/rvm/gems/ruby-2.3.0/gems/activesupport-4.2.5/lib/active_support/dependencies.rb:240:in `load_dependency'
	from /usr/local/rvm/gems/ruby-2.3.0/gems/activesupport-4.2.5/lib/active_support/dependencies.rb:274:in `require'
	from /home/ubuntu/workspace/bin/rails:9:in `<top (required)>'
	from /usr/local/rvm/gems/ruby-2.3.0/gems/activesupport-4.2.5/lib/active_support/dependencies.rb:268:in `load'
	from /usr/local/rvm/gems/ruby-2.3.0/gems/activesupport-4.2.5/lib/active_support/dependencies.rb:268:in `block in load'
	from /usr/local/rvm/gems/ruby-2.3.0/gems/activesupport-4.2.5/lib/active_support/dependencies.rb:240:in `load_dependency'
	from /usr/local/rvm/gems/ruby-2.3.0/gems/activesupport-4.2.5/lib/active_support/dependencies.rb:268:in `load'
	from /usr/local/rvm/gems/ruby-2.3.0/gems/spring-1.6.4/lib/spring/commands/rails.rb:6:in `call'
	from /usr/local/rvm/gems/ruby-2.3.0/gems/spring-1.6.4/lib/spring/command_wrapper.rb:38:in `call'
	from /usr/local/rvm/gems/ruby-2.3.0/gems/spring-1.6.4/lib/spring/application.rb:185:in `block in serve'
	from /usr/local/rvm/gems/ruby-2.3.0/gems/spring-1.6.4/lib/spring/application.rb:156:in `fork'
	from /usr/local/rvm/gems/ruby-2.3.0/gems/spring-1.6.4/lib/spring/application.rb:156:in `serve'
	from /usr/local/rvm/gems/ruby-2.3.0/gems/spring-1.6.4/lib/spring/application.rb:131:in `block in run'
	from /usr/local/rvm/gems/ruby-2.3.0/gems/spring-1.6.4/lib/spring/application.rb:125:in `loop'
	from /usr/local/rvm/gems/ruby-2.3.0/gems/spring-1.6.4/lib/spring/application.rb:125:in `run'
	from /usr/local/rvm/gems/ruby-2.3.0/gems/spring-1.6.4/lib/spring/application/boot.rb:18:in `<top (required)>'
	from /usr/local/rvm/rubies/ruby-2.3.0/lib/ruby/2.3.0/rubygems/core_ext/kernel_require.rb:55:in `require'
	from /usr/local/rvm/rubies/ruby-2.3.0/lib/ruby/2.3.0/rubygems/core_ext/kernel_require.rb:55:in `require'
	from -e:1:in `<main>'2.3.0 :004 > 
2.3.0 :005 >   User.find_by(admin: 1)
  [1m[36mUser Load (0.2ms)[0m  [1mSELECT  "users".* FROM "users" WHERE "users"."admin" = $1 LIMIT 1[0m  [["admin", 1]]
 => nil 
2.3.0 :006 > exit
[01;32mwvlada[00m:[01;34m~/workspace[00m (master) $ rails c
Running via Spring preloader in process 3932
Loading development environment (Rails 4.2.5)
2.3.0 :001 > User.all
  [1m[36mUser Load (0.4ms)[0m  [1mSELECT "users".* FROM "users"[0m
 => #<ActiveRecord::Relation []> 
2.3.0 :002 > Users.delete_all
NameError: uninitialized constant Users
	from (irb):2
	from /usr/local/rvm/gems/ruby-2.3.0/gems/railties-4.2.5/lib/rails/commands/console.rb:110:in `start'
	from /usr/local/rvm/gems/ruby-2.3.0/gems/railties-4.2.5/lib/rails/commands/console.rb:9:in `start'
	from /usr/local/rvm/gems/ruby-2.3.0/gems/railties-4.2.5/lib/rails/commands/commands_tasks.rb:68:in `console'
	from /usr/local/rvm/gems/ruby-2.3.0/gems/railties-4.2.5/lib/rails/commands/commands_tasks.rb:39:in `run_command!'
	from /usr/local/rvm/gems/ruby-2.3.0/gems/railties-4.2.5/lib/rails/commands.rb:17:in `<top (required)>'
	from /home/ubuntu/workspace/bin/rails:9:in `<top (required)>'
	from /usr/local/rvm/rubies/ruby-2.3.0/lib/ruby/2.3.0/rubygems/core_ext/kernel_require.rb:55:in `require'
	from /usr/local/rvm/rubies/ruby-2.3.0/lib/ruby/2.3.0/rubygems/core_ext/kernel_require.rb:55:in `require'
	from -e:1:in `<main>'
2.3.0 :003 > Users.delete_all[K[K[K[K
NameError: uninitialized constant Users
	from (irb):3
	from /usr/local/rvm/gems/ruby-2.3.0/gems/railties-4.2.5/lib/rails/commands/console.rb:110:in `start'
	from /usr/local/rvm/gems/ruby-2.3.0/gems/railties-4.2.5/lib/rails/commands/console.rb:9:in `start'
	from /usr/local/rvm/gems/ruby-2.3.0/gems/railties-4.2.5/lib/rails/commands/commands_tasks.rb:68:in `console'
	from /usr/local/rvm/gems/ruby-2.3.0/gems/railties-4.2.5/lib/rails/commands/commands_tasks.rb:39:in `run_command!'
	from /usr/local/rvm/gems/ruby-2.3.0/gems/railties-4.2.5/lib/rails/commands.rb:17:in `<top (required)>'
	from /home/ubuntu/workspace/bin/rails:9:in `<top (required)>'
	from /usr/local/rvm/rubies/ruby-2.3.0/lib/ruby/2.3.0/rubygems/core_ext/kernel_require.rb:55:in `require'
	from /usr/local/rvm/rubies/ruby-2.3.0/lib/ruby/2.3.0/rubygems/core_ext/kernel_require.rb:55:in `require'
	from -e:1:in `<main>'
2.3.0 :004 > Users.delete[1P.delete[C[C[C[C[C[C[C_all
  [1m[35mSQL (3.0ms)[0m  DELETE FROM "users"
 => 1 
2.3.0 :005 > User.all
  [1m[36mUser Load (0.4ms)[0m  [1mSELECT "users".* FROM "users"[0m
 => #<ActiveRecord::Relation []> 
2.3.0 :006 > \[Kexit
[01;32mwvlada[00m:[01;34m~/workspace[00m (master) $ git status
On branch master
Your branch is up-to-date with 'origin/master'.
Changes not staged for commit:
  (use "git add <file>..." to update what will be committed)
  (use "git checkout -- <file>..." to discard changes in working directory)
  (commit or discard the untracked or modified content in submodules)

	[31mmodified:   app/controllers/sessions_controller.rb[m
	[31mmodified:   config/database.yml[m
	[31mmodified:   config/environments/production.rb[m
	[31mmodified:   howitzer[m (modified content)

Untracked files:
  (use "git add <file>..." to include in what will be committed)

	[31mdb/development_pg[m
	[31mscript1.sh[m
	[31mtypescript[m

no changes added to commit (use "git add" and/or "git commit -a")
[01;32mwvlada[00m:[01;34m~/workspace[00m (master) $ git status
On branch master
Your branch is up-to-date with 'origin/master'.
Changes not staged for commit:
  (use "git add <file>..." to update what will be committed)
  (use "git checkout -- <file>..." to discard changes in working directory)
  (commit or discard the untracked or modified content in submodules)

	[31mmodified:   .gitignore[m
	[31mmodified:   app/controllers/sessions_controller.rb[m
	[31mmodified:   config/database.yml[m
	[31mmodified:   config/environments/production.rb[m
	[31mmodified:   howitzer[m (modified content)

Untracked files:
  (use "git add <file>..." to include in what will be committed)

	[31mscript1.sh[m
	[31mtypescript[m

no changes added to commit (use "git add" and/or "git commit -a")
[01;32mwvlada[00m:[01;34m~/workspace[00m (master) $ git add.[K .
[01;32mwvlada[00m:[01;34m~/workspace[00m (master) $ git commit -m ""C"r"e"a"t"e" "d"m"i"n"[1P"[1P"[1P"[1P"a"d"m"i"n" "a"n"d" "[1P"[1P"[1P"[1P"u"s"e"r" "a"n"d" "l"i"t"t"l"e" "s"c"r"i"p"t"
[master 56f0f89] Create admin user and little script
 6 files changed, 130 insertions(+), 6 deletions(-)
 create mode 100755 script1.sh
 create mode 100644 typescript
[01;32mwvlada[00m:[01;34m~/workspace[00m (master) $ git puch [K[K[Ksh -u origin master
Username for 'https://github.com': wvlada
Password for 'https://wvlada@github.com': 
Counting objects: 12, done.
Delta compression using up to 8 threads.
Compressing objects:   8% (1/12)   Compressing objects:  16% (2/12)   Compressing objects:  25% (3/12)   Compressing objects:  33% (4/12)   Compressing objects:  41% (5/12)   Compressing objects:  50% (6/12)   Compressing objects:  58% (7/12)   Compressing objects:  66% (8/12)   Compressing objects:  75% (9/12)   Compressing objects:  83% (10/12)   Compressing objects:  91% (11/12)   Compressing objects: 100% (12/12)   Compressing objects: 100% (12/12), done.
Writing objects:   8% (1/12)   Writing objects:  16% (2/12)   Writing objects:  25% (3/12)   Writing objects:  33% (4/12)   Writing objects:  41% (5/12)   Writing objects:  50% (6/12)   Writing objects:  58% (7/12)   Writing objects:  66% (8/12)   Writing objects:  75% (9/12)   Writing objects:  83% (10/12)   Writing objects:  91% (11/12)   Writing objects: 100% (12/12)   Writing objects: 100% (12/12), 2.50 KiB | 0 bytes/s, done.
Total 12 (delta 8), reused 0 (delta 0)
remote: Resolving deltas:   0% (0/8)   [Kremote: Resolving deltas:  12% (1/8)   [Kremote: Resolving deltas:  25% (2/8)   [Kremote: Resolving deltas:  37% (3/8)   [Kremote: Resolving deltas:  50% (4/8)   [Kremote: Resolving deltas:  62% (5/8)   [Kremote: Resolving deltas:  75% (6/8)   [Kremote: Resolving deltas:  87% (7/8)   [Kremote: Resolving deltas: 100% (8/8)   [Kremote: Resolving deltas: 100% (8/8), completed with 8 local objects.[K
To https://github.com/WVlada/apr-web-scraper.git
   93c8e0e..56f0f89  master -> master
Branch master set up to track remote branch master from origin.
[01;32mwvlada[00m:[01;34m~/workspace[00m (master) $ [K[01;32mwvlada[00m:[01;34m~/workspace[00m (master) $ git commit -m ""C"e"z"t"a" "[1P"[1P"[1P"[1P"[1P"[1P"T"r"u"e" "t"o" "f"a"l"s"e" "-" "c"e"s"t"a" "g"r"e"s"k"a"
On branch master
Your branch is up-to-date with 'origin/master'.
Changes not staged for commit:
	[31mmodified:   app/helpers/users_helper.rb[m
	[31mmodified:   app/views/users/show.html.erb[m
	[31mmodified:   howitzer[m (modified content)
	[31mmodified:   typescript[m

no changes added to commit
[01;32mwvlada[00m:[01;34m~/workspace[00m (master) $ git add .
[01;32mwvlada[00m:[01;34m~/workspace[00m (master) $ git add .commit -m "True to false - cesta greska"
[master 8b017d7] True to false - cesta greska
 3 files changed, 71 insertions(+), 5 deletions(-)
[01;32mwvlada[00m:[01;34m~/workspace[00m (master) $ git commit -m "True to false - cesta greska"[C[C[C[C[C[C[C[C[C[C[C[C[C[C[C[C[C[C[C[C[C[C[C[C[C[C[C[C[C[C[C[C[C[Cadd .[Kcommit -m "True to false - cesta greska"[C[C[C[C[C[C[C[C[C[C[C[C[C[C[C[C[C[C[C[C[C[C[C[C[C[C[C[C[C[C[C[C[C[C[19Ppush -u origin master
Username for 'https://github.com': wvlada
Password for 'https://wvlada@github.com': 
Counting objects: 9, done.
Delta compression using up to 8 threads.
Compressing objects:  11% (1/9)   Compressing objects:  22% (2/9)   Compressing objects:  33% (3/9)   Compressing objects:  44% (4/9)   Compressing objects:  55% (5/9)   Compressing objects:  66% (6/9)   Compressing objects:  77% (7/9)   Compressing objects:  88% (8/9)   Compressing objects: 100% (9/9)   Compressing objects: 100% (9/9), done.
Writing objects:  11% (1/9)   Writing objects:  22% (2/9)   Writing objects:  33% (3/9)   Writing objects:  44% (4/9)   Writing objects:  55% (5/9)   Writing objects:  66% (6/9)   Writing objects:  77% (7/9)   Writing objects:  88% (8/9)   Writing objects: 100% (9/9)   Writing objects: 100% (9/9), 1.64 KiB | 0 bytes/s, done.
Total 9 (delta 8), reused 0 (delta 0)
remote: Resolving deltas:   0% (0/8)   [Kremote: Resolving deltas:  12% (1/8)   [Kremote: Resolving deltas:  25% (2/8)   [Kremote: Resolving deltas:  37% (3/8)   [Kremote: Resolving deltas:  50% (4/8)   [Kremote: Resolving deltas:  62% (5/8)   [Kremote: Resolving deltas:  75% (6/8)   [Kremote: Resolving deltas:  87% (7/8)   [Kremote: Resolving deltas: 100% (8/8)   [Kremote: Resolving deltas: 100% (8/8), completed with 8 local objects.[K
To https://github.com/WVlada/apr-web-scraper.git
   56f0f89..8b017d7  master -> master
Branch master set up to track remote branch master from origin.
[01;32mwvlada[00m:[01;34m~/workspace[00m (master) $ git add .
[01;32mwvlada[00m:[01;34m~/workspace[00m (master) $ git commit -m ""A"s"s"e"t" "p"i"p"e"l"i"n"e" "d"o"e"a"s"n"t" "a"l"l"o"w" "s"u"b"f"o"l"d"e"r"s" "i"n" "i"m"a"g"e"s"
[master 4740124] Asset pipeline doeasnt allow subfolders in images
 4 files changed, 3 insertions(+), 3 deletions(-)
 rename app/assets/images/{homecarousel => }/